<!DOCTYPE html>
<html>
<head>
    <title>Example Domain</title>
</head>
<body>
    <div>
        <h1>Example Domain</h1>
        <p>This domain is for use in illustrative examples in documents.</p>
    </div>
</body>
</html>